{
  "term": {
    "message": "Localized in English",
    "description": "Term to localize",
    "placeholders": {
      "id": {
        "content": "$1",
        "example": "This is an example"
      }
    }
  },
  "term1": {
    "message": "Localized in English",
    "description": "Term to localize",
    "placeholders": {
      "id": {
        "content": "$1",
        "example": "This is an example"
      }
    }
  },
  "term2": {
    "message": "Localized in English",
    "description": "Term to localize",
    "placeholders": {
      "id": {
        "content": "$1",
        "example": "This is an example"
      }
    }
  },
  "term3": {
    "message": "Localized in English",
    "description": "Term to localize",
    "placeholders": {
      "id": {
        "content": "$1",
        "example": "This is an example"
      }
    }
  },
  "term4": {
    "message": "Localized in English",
    "description": "Term to localize",
    "placeholders": {
      "id": {
        "content": "$1",
        "example": "This is an example"
      }
    }
  },
  "term5": {
    "message": "Localized in English",
    "description": "Term to localize",
    "placeholders": {
      "id": {
        "content": "$1",
        "example": "This is an example"
      }
    }
  },
  "term6": {
    "message": "Localized in English",
    "description": "Term to localize",
    "placeholders": {
      "id": {
        "content": "$1",
        "example": "This is an example"
      }
    }
  },
  "term7": {
    "message": "Localized in English",
    "description": "Term to localize",
    "placeholders": {
      "id": {
        "content": "$1",
        "example": "This is an example"
      }
    }
  },
  "term8": {
    "message": "Localized in English",
    "description": "Term to localize",
    "placeholders": {
      "id": {
        "content": "$1",
        "example": "This is an example"
      }
    }
  },
  "term9": {
    "message": "Localized in English",
    "description": "Term to localize",
    "placeholders": {
      "id": {
        "content": "$1",
        "example": "This is an example"
      }
    }
  }
}