{
	"term": {
		"message": "Localizzato in Italiano",
		"description": "Term to localize",
		"placeholders": {
			"id": {
				"content": "$1",
				"example": "This is an example"
			}
		}
	},
	"term1": {
		"message": "Localizzato in Italiano",
		"description": "Term to localize",
		"placeholders": {
			"id": {
				"content": "$1",
				"example": "This is an example"
			}
		}
	},
	"term2": {
		"message": "Localizzato in Italiano",
		"description": "Term to localize",
		"placeholders": {
			"id": {
				"content": "$1",
				"example": "This is an example"
			}
		}
	},
	"term3": {
		"message": "Localizzato in Italiano",
		"description": "Term to localize",
		"placeholders": {
			"id": {
				"content": "$1",
				"example": "This is an example"
			}
		}
	},
	"term4": {
		"message": "Localizzato in Italiano",
		"description": "Term to localize",
		"placeholders": {
			"id": {
				"content": "$1",
				"example": "This is an example"
			}
		}
	},
	"term5": {
		"message": "Localizzato in Italiano",
		"description": "Term to localize",
		"placeholders": {
			"id": {
				"content": "$1",
				"example": "This is an example"
			}
		}
	},
	"term6": {
		"message": "Localizzato in Italiano",
		"description": "Term to localize",
		"placeholders": {
			"id": {
				"content": "$1",
				"example": "This is an example"
			}
		}
	},
	"term7": {
		"message": "Localizzato in Italiano",
		"description": "Term to localize",
		"placeholders": {
			"id": {
				"content": "$1",
				"example": "This is an example"
			}
		}
	},
	"term8": {
		"message": "Localizzato in Italiano",
		"description": "Term to localize",
		"placeholders": {
			"id": {
				"content": "$1",
				"example": "This is an example"
			}
		}
	},
	"term9": {
		"message": "Localizzato in Italiano",
		"description": "Term to localize",
		"placeholders": {
			"id": {
				"content": "$1",
				"example": "This is an example"
			}
		}
	}
}
